Microchip MPLAB XC8 Compiler V2.00 ()

Linker command line:

-W-3 --edf=C:\Program Files (x86)\Microchip\xc8\v2.00\pic\dat\en_msgs.txt \
  -cs -h+dist/default/production\PingPong.X.production.sym \
  --cmf=dist/default/production\PingPong.X.production.cmf -z -Q18F4550 \
  -oC:\Users\LUISOL~1\AppData\Local\Temp\s3oo.2 --defsym=__MPLAB_BUILD=1 \
  -Mdist/default/production/PingPong.X.production.map -E1 -ver=XC8 \
  --acfsm=1493 -ASTACK=06B0h-07ffh -pstack=STACK -ACODE=00h-07FFFh \
  -ACONST=00h-07FFFh -ASMALLCONST=0800h-08FFhx120 \
  -AMEDIUMCONST=0800h-07FFFh -ACOMRAM=01h-05Fh -AABS1=00h-07FFh \
  -ABIGRAM=01h-07FFh -ARAM=060h-0FFh,0100h-01FFhx7 -ABANK0=060h-0FFh \
  -ABANK1=0100h-01FFh -ABANK2=0200h-02FFh -ABANK3=0300h-03FFh \
  -ABANK4=0400h-04FFh -ABANK5=0500h-05FFh -ABANK6=0600h-06FFh \
  -ABANK7=0700h-07FFh -ASFR=0F60h-0FFFh \
  -preset_vec=00h,intcode=08h,intcodelo,powerup,init -pramtop=0800h \
  -psmallconst=SMALLCONST -pmediumconst=MEDIUMCONST -pconst=CONST \
  -AFARRAM=00h-00h -ACONFIG=0300000h-030000Dh -pconfig=CONFIG \
  -AIDLOC=0200000h-0200007h -pidloc=IDLOC -AEEDATA=0F00000h-0F000FFh \
  -peeprom_data=EEDATA \
  -prdata=COMRAM,nvrram=COMRAM,nvbit=COMRAM,rbss=COMRAM,rbit=COMRAM \
  -pfarbss=FARRAM,fardata=FARRAM,nvFARRAM=FARRAM \
  -pintsave_regs=BIGRAM,bigbss=BIGRAM,bigdata=BIGRAM -pbss=RAM \
  -pidata=CODE,irdata=CODE,ibigdata=CODE,ifardata=CODE -prparam=COMRAM \
  C:\Users\LUISOL~1\AppData\Local\Temp\s3oo.o \
  dist/default/production\PingPong.X.production.o 

Object code version is 3.11

Machine type is 18F4550

Call graph: (short form)




                Name                               Link     Load   Length Selector   Space Scale
C:\Users\LUISOL~1\AppData\Local\Temp\s3oo.o
                init                                  E        E        4        4       0
                reset_vec                             0        0        4        0       0
                idloc                            200000   200000        8   200000       0
                config                           300000   300000        E   300000       0
dist/default/production\PingPong.X.production.o
                intcode                               8        8        6        4       0
                temp                                 5E       5E        1        1       1
                smallconst                          800      800       12      400       0
                text72                             68D0     68D0       24     2B2D       0
                text71                             5EFC     5EFC       94     2B2D       0
                text70                             6882     6882       28     2B2D       0
                text69                             62B6     62B6       7C     2B2D       0
                text68                             4024     4024      1B0      409       0
                text67                             4362     4362      18C      409       0
                text66                             67D6     67D6       44     2B2D       0
                text65                             69EE     69EE        2     2B2D       0
                text64                             5210     5210       DE      409       0
                text63                             6744     6744       4C     2B2D       0
                text62                             6654     6654       52     2B2D       0
                text61                             565A     565A       D6     2B2D       0
                text60                             33CE     33CE      31E      409       0
                text59                             3CA4     3CA4      1CE      409       0
                text58                             647A     647A       66     2B2D       0
                text57                             65A0     65A0       5E     2B2D       0
                text56                             5E60     5E60       9C     2B2D       0
                text55                             2C42     2C42      46E      409       0
                text54                             623A     623A       7C     2B2D       0
                intcode_body                       206E     206E      764      409       0
                text52                             68AA     68AA       26     2B2D       0
                text51                             5DC2     5DC2       9E     2B2D       0
                text50                             3E72     3E72      1B2      409       0
                text49                             41D4     41D4      18E      409       0
                text48                             6790     6790       46     2B2D       0
                text47                             69EC     69EC        2     2B2D       0
                text46                             512E     512E       E2      409       0
                text45                             66A6     66A6       50     2B2D       0
                text44                             65FE     65FE       56     2B2D       0
                text43                             54A6     54A6       DA     2A53       0
                text42                             30B0     30B0      31E      409       0
                text41                             3ACC     3ACC      1D8      409       0
                text40                             63A4     63A4       6E     2B2D       0
                text39                             6540     6540       60     2B2D       0
                text38                             6858     6858       2A     2B2D       0
                text37                             5D24     5D24       9E     2B2D       0
                text36                             66F6     66F6       4E     2B2D       0
                text35                             5C86     5C86       9E     2B2D       0
                text34                             5BE8     5BE8       9E     2B2D       0
                text33                             5B4A     5B4A       9E     2B2D       0
                text32                             5AAC     5AAC       9E     2B2D       0
                text31                             5A0E     5A0E       9E     2B2D       0
                text30                             699C     699C       1E     2B2D       0
                text29                             69D4     69D4       10     2B2D       0
                text28                             695A     695A       22     2B2D       0
                text27                             47CE     47CE      154      409       0
                text26                             36EC     36EC      200      409       0
                text25                             612E     612E       8A     2B2D       0
                text24                             60A4     60A4       8A     2B2D       0
                text23                             601A     601A       8A     2B2D       0
                text22                             5F90     5F90       8A     2B2D       0
                text21                             61B8     61B8       82     2B2D       0
                text20                             64E0     64E0       60     2B2D       0
                text19                             6332     6332       72     2B2D       0
                text18                             697C     697C       20     2B2D       0
                text17                             6412     6412       68     2B2D       0
                text16                             596A     596A       A4     2B2D       0
                text15                             681A     681A       3E     2B2D       0
                text14                             4922     4922      13A      409       0
                text13                             6938     6938       22     2B2D       0
                text12                             6916     6916       22     2B2D       0
                text11                             57FE     57FE       BC     2B2D       0
                text10                             38EC     38EC      1E0      409       0
                text9                              44EE     44EE      176      409       0
                text8                              4DEC     4DEC      130      409       0
                text7                              4CBC     4CBC      130      409       0
                text6                              4B8C     4B8C      130      409       0
                text5                              4A5C     4A5C      130      409       0
                text4                              68F4     68F4       22     2B2D       0
                text3                              4664     4664      16A      409       0
                text2                              27D2     27D2      470      409       0
                text1                              503A     503A       F4      409       0
                text0                               812      812     185C      409       0
                cstackCOMRAM                          1        1       5D        1       1
                cstackBANK0                          60       60       6D       60       1
                cstackBANK1                         100      100       BE      100       1
                dataBANK6                           600      600       B0      600       1
                dataBANK5                           500      500       CE      500       1
                dataBANK4                           400      400       DC      400       1
                dataBANK3                           300      300       D9      300       1
                bssBANK3                            3D9      3D9       14      300       1
                dataBANK2                           200      200       DB      200       1
                bssBANK2                            2DB      2DB       20      200       1
                dataBANK1                           1E4      1E4       1A      100       1
                bssBANK1                            1BE      1BE       26      100       1
                dataBANK0                            DF       DF        8       60       1
                bssBANK0                             CD       CD       12       60       1
                cinit                              4F1C     4F1C      11E      409       0
                idataBANK6                         58BA     58BA       B0     2B2D       0
                idataBANK5                         5730     5730       CE     2B2D       0
                idataBANK4                         52EE     52EE       DC      409       0
                idataBANK3                         5580     5580       D9     2A53       0
                idataBANK2                         53CA     53CA       DB      409       0
                idataBANK1                         69BA     69BA       1A     2B2D       0
                idataBANK0                         69E4     69E4        8     2B2D       0

TOTAL           Name                               Link     Load   Length     Space
        CLASS   STACK          

        CLASS   CODE           
                intcode                               8        8        6         0
                init                                  E        E        4         0
                reset_vec                             0        0        4         0
                text72                             68D0     68D0       24         0
                text71                             5EFC     5EFC       94         0
                text70                             6882     6882       28         0
                text69                             62B6     62B6       7C         0
                text68                             4024     4024      1B0         0
                text67                             4362     4362      18C         0
                text66                             67D6     67D6       44         0
                text65                             69EE     69EE        2         0
                text64                             5210     5210       DE         0
                text63                             6744     6744       4C         0
                text62                             6654     6654       52         0
                text61                             565A     565A       D6         0
                text60                             33CE     33CE      31E         0
                text59                             3CA4     3CA4      1CE         0
                text58                             647A     647A       66         0
                text57                             65A0     65A0       5E         0
                text56                             5E60     5E60       9C         0
                text55                             2C42     2C42      46E         0
                text54                             623A     623A       7C         0
                intcode_body                       206E     206E      764         0
                text52                             68AA     68AA       26         0
                text51                             5DC2     5DC2       9E         0
                text50                             3E72     3E72      1B2         0
                text49                             41D4     41D4      18E         0
                text48                             6790     6790       46         0
                text47                             69EC     69EC        2         0
                text46                             512E     512E       E2         0
                text45                             66A6     66A6       50         0
                text44                             65FE     65FE       56         0
                text43                             54A6     54A6       DA         0
                text42                             30B0     30B0      31E         0
                text41                             3ACC     3ACC      1D8         0
                text40                             63A4     63A4       6E         0
                text39                             6540     6540       60         0
                text38                             6858     6858       2A         0
                text37                             5D24     5D24       9E         0
                text36                             66F6     66F6       4E         0
                text35                             5C86     5C86       9E         0
                text34                             5BE8     5BE8       9E         0
                text33                             5B4A     5B4A       9E         0
                text32                             5AAC     5AAC       9E         0
                text31                             5A0E     5A0E       9E         0
                text30                             699C     699C       1E         0
                text29                             69D4     69D4       10         0
                text28                             695A     695A       22         0
                text27                             47CE     47CE      154         0
                text26                             36EC     36EC      200         0
                text25                             612E     612E       8A         0
                text24                             60A4     60A4       8A         0
                text23                             601A     601A       8A         0
                text22                             5F90     5F90       8A         0
                text21                             61B8     61B8       82         0
                text20                             64E0     64E0       60         0
                text19                             6332     6332       72         0
                text18                             697C     697C       20         0
                text17                             6412     6412       68         0
                text16                             596A     596A       A4         0
                text15                             681A     681A       3E         0
                text14                             4922     4922      13A         0
                text13                             6938     6938       22         0
                text12                             6916     6916       22         0
                text11                             57FE     57FE       BC         0
                text10                             38EC     38EC      1E0         0
                text9                              44EE     44EE      176         0
                text8                              4DEC     4DEC      130         0
                text7                              4CBC     4CBC      130         0
                text6                              4B8C     4B8C      130         0
                text5                              4A5C     4A5C      130         0
                text4                              68F4     68F4       22         0
                text3                              4664     4664      16A         0
                text2                              27D2     27D2      470         0
                text1                              503A     503A       F4         0
                text0                               812      812     185C         0
                cinit                              4F1C     4F1C      11E         0
                idataBANK6                         58BA     58BA       B0         0
                idataBANK5                         5730     5730       CE         0
                idataBANK4                         52EE     52EE       DC         0
                idataBANK3                         5580     5580       D9         0
                idataBANK2                         53CA     53CA       DB         0
                idataBANK1                         69BA     69BA       1A         0
                idataBANK0                         69E4     69E4        8         0

        CLASS   CONST          

        CLASS   SMALLCONST     
                smallconst                          800      800       12         0

        CLASS   MEDIUMCONST    

        CLASS   COMRAM         
                temp                                 5E       5E        1         1
                cstackCOMRAM                          1        1       5D         1

        CLASS   ABS1           

        CLASS   BIGRAM         

        CLASS   RAM            

        CLASS   BANK0          
                cstackBANK0                          60       60       6D         1
                dataBANK0                            DF       DF        8         1
                bssBANK0                             CD       CD       12         1

        CLASS   BANK1          
                cstackBANK1                         100      100       BE         1
                dataBANK1                           1E4      1E4       1A         1
                bssBANK1                            1BE      1BE       26         1

        CLASS   BANK2          
                dataBANK2                           200      200       DB         1
                bssBANK2                            2DB      2DB       20         1

        CLASS   BANK3          
                dataBANK3                           300      300       D9         1
                bssBANK3                            3D9      3D9       14         1

        CLASS   BANK4          
                dataBANK4                           400      400       DC         1

        CLASS   BANK5          
                dataBANK5                           500      500       CE         1

        CLASS   BANK6          
                dataBANK6                           600      600       B0         1

        CLASS   BANK7          

        CLASS   SFR            

        CLASS   FARRAM         

        CLASS   CONFIG         
                config                           300000   300000        E         0

        CLASS   IDLOC          
                idloc                            200000   200000        8         0

        CLASS   EEDATA         



SEGMENTS        Name                           Load    Length   Top    Selector   Space  Class

                reset_vec                      000000  000004  000004         0       0  CODE    
                cstackCOMRAM                   000001  00005E  00005F         1       1  COMRAM  
                intcode                        000008  00000A  000012         4       0  CODE    
                cstackBANK0                    000060  000087  0000E7        60       1  BANK0   
                cstackBANK1                    000100  0000FE  0001FE       100       1  BANK1   
                dataBANK2                      000200  0000FB  0002FB       200       1  BANK2   
                dataBANK3                      000300  0000ED  0003ED       300       1  BANK3   
                dataBANK4                      000400  0000DC  0004DC       400       1  BANK4   
                dataBANK5                      000500  0000CE  0005CE       500       1  BANK5   
                dataBANK6                      000600  0000B0  0006B0       600       1  BANK6   
                smallconst                     000800  000012  000812       400       0  SMALLCON
                text0                          000812  004C93  0054A5       409       0  CODE    
                text43                         0054A6  0001B3  005659      2A53       0  CODE    
                text61                         00565A  001396  0069F0      2B2D       0  CODE    
                idloc                          200000  000008  200008    200000       0  IDLOC   
                config                         300000  00000E  30000E    300000       0  CONFIG  


UNUSED ADDRESS RANGES

        Name                Unused          Largest block    Delta
        BANK0            0000E7-0000FF               19
        BANK1            0001FE-0001FF                2
        BANK2            0002FB-0002FF                5
        BANK3            0003ED-0003FF               13
        BANK4            0004DC-0004FF               24
        BANK5            0005CE-0005FF               32
        BANK6            0006B0-0006FF               50
        BANK7            000700-0007FF              100
        BIGRAM           00005F-00005F                1
                         0000E7-0000FF               19
                         0001FE-0001FF                2
                         0002FB-0002FF                5
                         0003ED-0003FF               13
                         0004DC-0004FF               24
                         0005CE-0005FF               32
                         0006B0-0007FF              150
        CODE             000004-000007                4
                         000012-0007FF              7EE
                         0054A5-0054A5                1
                         005659-005659                1
                         0069F0-007FFF             1610
        COMRAM           00005F-00005F                1
        CONST            000004-000007                4
                         000012-0007FF              7EE
                         0054A5-0054A5                1
                         005659-005659                1
                         0069F0-007FFF             1610
        EEDATA           F00000-F000FF              100
        MEDIUMCONST      0054A5-0054A5                1
                         005659-005659                1
                         0069F0-007FFF             1610
        RAM              0000E7-0000FF               19
                         0001FE-0001FF                2
                         0002FB-0002FF                5
                         0003ED-0003FF               13
                         0004DC-0004FF               24
                         0005CE-0005FF               32
                         0006B0-0007FF               50
        SFR              000F60-000FFF               A0
        SMALLCONST       0054A5-0054A5                1
                         005659-005659                1
                         0069F0-007FFF              100
        STACK            0006B0-0007FF              150

                                  Symbol Table

?___aodiv                   cstackBANK0  000078
?___aomod                   cstackBANK0  000078
?___flmul                   cstackBANK0  000086
?___fltol                   cstackBANK0  000078
?___xxtofl                  cstackBANK0  000078
?_abs                       cstackBANK0  00008A
?_dtoa                      cstackBANK0  000093
?_pad                       cstackBANK0  000088
?_randomTurn                cstackBANK0  000086
?_sprintf                   cstackBANK1  000102
?_strlen                    cstackBANK0  000078
?_vfpfcnvrt                 cstackBANK0  0000B7
?_vfprintf                  cstackBANK0  0000C7
?i2___aodiv                 cstackCOMRAM 000001
?i2___aomod                 cstackCOMRAM 000001
?i2___flmul                 cstackCOMRAM 000001
?i2_abs                     cstackCOMRAM 000013
?i2_dtoa                    cstackCOMRAM 00001C
?i2_pad                     cstackCOMRAM 000011
?i2_sprintf                 cstackCOMRAM 000058
?i2_strlen                  cstackCOMRAM 000001
?i2_vfpfcnvrt               cstackCOMRAM 000040
?i2_vfprintf                cstackCOMRAM 000050
LCD_Vel@j                   cstackBANK1  000112
LCD_static@F3721            dataBANK2    00027D
LCD_static@F3723            dataBANK3    000354
LCD_static@P                cstackBANK0  00007F
LCD_static@Vel              cstackBANK0  000090
LCD_time@j                  cstackBANK1  000112
LCDmarkerP1@j               cstackBANK1  000112
LCDmarkerP2@j               cstackBANK1  000112
LCDmarkerP3@j               cstackBANK1  000112
LCDmarkerP4@j               cstackBANK1  000112
_ADCON1                     (abs)        000FC1
_BRG16                      (abs)        007DC3
_BRGH                       (abs)        007D62
_BusyLCD                    text15       00681A
_CREN                       (abs)        007D5C
_GIE                        (abs)        007F97
_INT0IE                     (abs)        007F94
_INT0IF                     (abs)        007F91
_INT1IE                     (abs)        007F83
_INT1IF                     (abs)        007F80
_INT1IP                     (abs)        007F86
_INT2IE                     (abs)        007F84
_INT2IF                     (abs)        007F81
_INTEDG0                    (abs)        007F8E
_INTEDG1                    (abs)        007F8D
_INTEDG2                    (abs)        007F8C
_IPEN                       (abs)        007E87
_LATAbits                   (abs)        000F89
_LATBbits                   (abs)        000F8A
_LATCbits                   (abs)        000F8B
_LATD                       (abs)        000F8C
_LATEbits                   (abs)        000F8D
_LCD_Vel                    text37       005D24
_LCD_static                 text36       0066F6
_LCD_time                   text35       005C86
_LCDmarkerP1                text34       005BE8
_LCDmarkerP2                text33       005B4A
_LCDmarkerP3                text32       005AAC
_LCDmarkerP4                text31       005A0E
_P1buffer                   bssBANK0     0000DE
_P1points                   bssBANK0     0000D3
_P2buffer                   bssBANK0     0000DD
_P2points                   bssBANK1     0001D4
_P3buffer                   bssBANK0     0000DC
_P3points                   bssBANK1     0001D2
_P4buffer                   bssBANK0     0000DB
_P4points                   bssBANK1     0001D0
_PEIE                       (abs)        007F96
_PORTBbits                  (abs)        000F81
_PORTCbits                  (abs)        000F82
_PSA                        (abs)        007EAB
_PrintDisplay               text30       00699C
_RCIE                       (abs)        007CED
_RCIF                       (abs)        007CF5
_RX9                        (abs)        007D5E
_SPBRG                      (abs)        000FAF
_SPEN                       (abs)        007D5F
_SYNC                       (abs)        007D64
_T08BIT                     (abs)        007EAE
_T0CS                       (abs)        007EAD
_T0IF                       (abs)        007F92
_T0PS0                      (abs)        007EA8
_T0PS1                      (abs)        007EA9
_T0PS2                      (abs)        007EAA
_T1CONbits                  (abs)        000FCD
_TMR0IE                     (abs)        007F95
_TMR0L                      (abs)        000FD6
_TMR0ON                     (abs)        007EAF
_TMR1                       (abs)        000FCE
_TMR1Config                 text29       0069D4
_TMR1IE                     (abs)        007CE8
_TMR1IF                     (abs)        007CF0
_TMR1IP                     (abs)        007CF8
_TMR1ON                     (abs)        007E68
_TRISA                      (abs)        000F92
_TRISAbits                  (abs)        000F92
_TRISB                      (abs)        000F93
_TRISBbits                  (abs)        000F93
_TRISC                      (abs)        000F94
_TRISCbits                  (abs)        000F94
_TRISD                      (abs)        000F95
_TRISE                      (abs)        000F96
_TRISEbits                  (abs)        000F96
_TRMT                       (abs)        007D61
_TX9                        (abs)        007D66
_TXEN                       (abs)        007D65
_TXIE                       (abs)        007CEC
_TXIF                       (abs)        007CF4
_TXREG                      (abs)        000FAD
_TimeBuffer                 bssBANK0     0000D9
_USARTinit                  text28       00695A
_VelBuffer                  bssBANK0     0000DA
__CFG_BORV$3                (abs)        000000
__CFG_CPB$OFF               (abs)        000000
__CFG_CPD$OFF               (abs)        000000
__CFG_CPUDIV$OSC1_PLL2      (abs)        000000
__CFG_FCMEN$OFF             (abs)        000000
__CFG_FOSC$HSPLL_HS         (abs)        000000
__CFG_LVP$OFF               (abs)        000000
__CFG_MCLRE$ON              (abs)        000000
__CFG_PLLDIV$1              (abs)        000000
__CFG_WDT$OFF               (abs)        000000
__HRAM                      (abs)        000000
__Habs1                     abs1         000000
__Hbank0                    bank0        000000
__Hbank1                    bank1        000000
__Hbank2                    bank2        000000
__Hbank3                    bank3        000000
__Hbank4                    bank4        000000
__Hbank5                    bank5        000000
__Hbank6                    bank6        000000
__Hbank7                    bank7        000000
__Hbigbss                   bigbss       000000
__Hbigdata                  bigdata      000000
__Hbigram                   bigram       000000
__Hbss                      bss          000000
__HbssBANK0                 bssBANK0     000000
__HbssBANK1                 bssBANK1     000000
__HbssBANK2                 bssBANK2     000000
__HbssBANK3                 bssBANK3     000000
__Hcinit                    cinit        000000
__Hclrtext                  clrtext      000000
__Hcomram                   comram       000000
__Hconfig                   config       30000E
__Hconst                    const        000000
__HcstackBANK0              cstackBANK0  000000
__HcstackBANK1              cstackBANK1  000000
__HcstackCOMRAM             cstackCOMRAM 000000
__Hdata                     data         000000
__HdataBANK0                dataBANK0    000000
__HdataBANK1                dataBANK1    000000
__HdataBANK2                dataBANK2    000000
__HdataBANK3                dataBANK3    000000
__HdataBANK4                dataBANK4    000000
__HdataBANK5                dataBANK5    000000
__HdataBANK6                dataBANK6    000000
__Heeprom_data              eeprom_data  000000
__Hfarbss                   farbss       000000
__Hfardata                  fardata      000000
__Hibigdata                 ibigdata     000000
__Hidata                    idata        000000
__HidataBANK0               idataBANK0   000000
__HidataBANK1               idataBANK1   000000
__HidataBANK2               idataBANK2   000000
__HidataBANK3               idataBANK3   000000
__HidataBANK4               idataBANK4   000000
__HidataBANK5               idataBANK5   000000
__HidataBANK6               idataBANK6   000000
__Hidloc                    idloc        200008
__Hifardata                 ifardata     000000
__Hinit                     init         000012
__Hintcode                  intcode      00000E
__Hintcode_body             intcode_body 000000
__Hintcodelo                intcodelo    00000E
__Hintentry                 intentry     000000
__Hintret                   intret       000000
__Hintsave_regs             intsave_regs 000000
__Hirdata                   irdata       000000
__Hmediumconst              mediumconst  000000
__HnvFARRAM                 nvFARRAM     000000
__Hnvbit                    nvbit        000000
__Hnvrram                   nvrram       000000
__Hparam                    rparam       000000
__Hpowerup                  powerup      00000E
__Hram                      ram          000000
__Hramtop                   ramtop       000800
__Hrbit                     rbit         000000
__Hrbss                     rbss         000000
__Hrdata                    rdata        000000
__Hreset_vec                reset_vec    000004
__Hrparam                   rparam       000000
__Hsfr                      sfr          000000
__Hsmallconst               smallconst   000812
__Hspace_0                  (abs)        30000E
__Hspace_1                  (abs)        0006B0
__Hspace_2                  (abs)        000000
__Hstack                    stack        000000
__Hstruct                   struct       000000
__Htemp                     temp         00005F
__Htext                     text         000000
__Htext0                    text0        000000
__Htext1                    text1        000000
__Htext10                   text10       000000
__Htext11                   text11       000000
__Htext12                   text12       000000
__Htext13                   text13       000000
__Htext14                   text14       000000
__Htext15                   text15       000000
__Htext16                   text16       000000
__Htext17                   text17       000000
__Htext18                   text18       000000
__Htext19                   text19       000000
__Htext2                    text2        000000
__Htext20                   text20       000000
__Htext21                   text21       000000
__Htext22                   text22       000000
__Htext23                   text23       000000
__Htext24                   text24       000000
__Htext25                   text25       000000
__Htext26                   text26       000000
__Htext27                   text27       000000
__Htext28                   text28       000000
__Htext29                   text29       000000
__Htext3                    text3        000000
__Htext30                   text30       000000
__Htext31                   text31       000000
__Htext32                   text32       000000
__Htext33                   text33       000000
__Htext34                   text34       000000
__Htext35                   text35       000000
__Htext36                   text36       000000
__Htext37                   text37       000000
__Htext38                   text38       000000
__Htext39                   text39       000000
__Htext4                    text4        000000
__Htext40                   text40       000000
__Htext41                   text41       000000
__Htext42                   text42       000000
__Htext43                   text43       000000
__Htext44                   text44       000000
__Htext45                   text45       000000
__Htext46                   text46       000000
__Htext47                   text47       000000
__Htext48                   text48       000000
__Htext49                   text49       000000
__Htext5                    text5        000000
__Htext50                   text50       000000
__Htext51                   text51       000000
__Htext52                   text52       000000
__Htext54                   text54       000000
__Htext55                   text55       000000
__Htext56                   text56       000000
__Htext57                   text57       000000
__Htext58                   text58       000000
__Htext59                   text59       000000
__Htext6                    text6        000000
__Htext60                   text60       000000
__Htext61                   text61       000000
__Htext62                   text62       000000
__Htext63                   text63       000000
__Htext64                   text64       000000
__Htext65                   text65       000000
__Htext66                   text66       000000
__Htext67                   text67       000000
__Htext68                   text68       000000
__Htext69                   text69       000000
__Htext7                    text7        000000
__Htext70                   text70       000000
__Htext71                   text71       000000
__Htext72                   text72       000000
__Htext8                    text8        000000
__Htext9                    text9        000000
__LRAM                      (abs)        000001
__Labs1                     abs1         000000
__Lbank0                    bank0        000000
__Lbank1                    bank1        000000
__Lbank2                    bank2        000000
__Lbank3                    bank3        000000
__Lbank4                    bank4        000000
__Lbank5                    bank5        000000
__Lbank6                    bank6        000000
__Lbank7                    bank7        000000
__Lbigbss                   bigbss       000000
__Lbigdata                  bigdata      000000
__Lbigram                   bigram       000000
__Lbss                      bss          000000
__LbssBANK0                 bssBANK0     000000
__LbssBANK1                 bssBANK1     000000
__LbssBANK2                 bssBANK2     000000
__LbssBANK3                 bssBANK3     000000
__Lcinit                    cinit        000000
__Lclrtext                  clrtext      000000
__Lcomram                   comram       000000
__Lconfig                   config       300000
__Lconst                    const        000000
__LcstackBANK0              cstackBANK0  000000
__LcstackBANK1              cstackBANK1  000000
__LcstackCOMRAM             cstackCOMRAM 000000
__Ldata                     data         000000
__LdataBANK0                dataBANK0    000000
__LdataBANK1                dataBANK1    000000
__LdataBANK2                dataBANK2    000000
__LdataBANK3                dataBANK3    000000
__LdataBANK4                dataBANK4    000000
__LdataBANK5                dataBANK5    000000
__LdataBANK6                dataBANK6    000000
__Leeprom_data              eeprom_data  000000
__Lfarbss                   farbss       000000
__Lfardata                  fardata      000000
__Libigdata                 ibigdata     000000
__Lidata                    idata        000000
__LidataBANK0               idataBANK0   000000
__LidataBANK1               idataBANK1   000000
__LidataBANK2               idataBANK2   000000
__LidataBANK3               idataBANK3   000000
__LidataBANK4               idataBANK4   000000
__LidataBANK5               idataBANK5   000000
__LidataBANK6               idataBANK6   000000
__Lidloc                    idloc        200000
__Lifardata                 ifardata     000000
__Linit                     init         00000E
__Lintcode                  intcode      000008
__Lintcode_body             intcode_body 000000
__Lintcodelo                intcodelo    00000E
__Lintentry                 intentry     000000
__Lintret                   intret       000000
__Lintsave_regs             intsave_regs 000000
__Lirdata                   irdata       000000
__Lmediumconst              mediumconst  000000
__LnvFARRAM                 nvFARRAM     000000
__Lnvbit                    nvbit        000000
__Lnvrram                   nvrram       000000
__Lparam                    rparam       000000
__Lpowerup                  powerup      00000E
__Lram                      ram          000000
__Lramtop                   ramtop       000800
__Lrbit                     rbit         000000
__Lrbss                     rbss         000000
__Lrdata                    rdata        000000
__Lreset_vec                reset_vec    000000
__Lrparam                   rparam       000000
__Lsfr                      sfr          000000
__Lsmallconst               smallconst   000800
__Lspace_0                  (abs)        000000
__Lspace_1                  (abs)        000000
__Lspace_2                  (abs)        000000
__Lstack                    stack        000000
__Lstruct                   struct       000000
__Ltemp                     temp         00005E
__Ltext                     text         000000
__Ltext0                    text0        000000
__Ltext1                    text1        000000
__Ltext10                   text10       000000
__Ltext11                   text11       000000
__Ltext12                   text12       000000
__Ltext13                   text13       000000
__Ltext14                   text14       000000
__Ltext15                   text15       000000
__Ltext16                   text16       000000
__Ltext17                   text17       000000
__Ltext18                   text18       000000
__Ltext19                   text19       000000
__Ltext2                    text2        000000
__Ltext20                   text20       000000
__Ltext21                   text21       000000
__Ltext22                   text22       000000
__Ltext23                   text23       000000
__Ltext24                   text24       000000
__Ltext25                   text25       000000
__Ltext26                   text26       000000
__Ltext27                   text27       000000
__Ltext28                   text28       000000
__Ltext29                   text29       000000
__Ltext3                    text3        000000
__Ltext30                   text30       000000
__Ltext31                   text31       000000
__Ltext32                   text32       000000
__Ltext33                   text33       000000
__Ltext34                   text34       000000
__Ltext35                   text35       000000
__Ltext36                   text36       000000
__Ltext37                   text37       000000
__Ltext38                   text38       000000
__Ltext39                   text39       000000
__Ltext4                    text4        000000
__Ltext40                   text40       000000
__Ltext41                   text41       000000
__Ltext42                   text42       000000
__Ltext43                   text43       000000
__Ltext44                   text44       000000
__Ltext45                   text45       000000
__Ltext46                   text46       000000
__Ltext47                   text47       000000
__Ltext48                   text48       000000
__Ltext49                   text49       000000
__Ltext5                    text5        000000
__Ltext50                   text50       000000
__Ltext51                   text51       000000
__Ltext52                   text52       000000
__Ltext54                   text54       000000
__Ltext55                   text55       000000
__Ltext56                   text56       000000
__Ltext57                   text57       000000
__Ltext58                   text58       000000
__Ltext59                   text59       000000
__Ltext6                    text6        000000
__Ltext60                   text60       000000
__Ltext61                   text61       000000
__Ltext62                   text62       000000
__Ltext63                   text63       000000
__Ltext64                   text64       000000
__Ltext65                   text65       000000
__Ltext66                   text66       000000
__Ltext67                   text67       000000
__Ltext68                   text68       000000
__Ltext69                   text69       000000
__Ltext7                    text7        000000
__Ltext70                   text70       000000
__Ltext71                   text71       000000
__Ltext72                   text72       000000
__Ltext8                    text8        000000
__Ltext9                    text9        000000
__S0                        (abs)        30000E
__S1                        (abs)        0006B0
__S2                        (abs)        000000
___aodiv                    text50       003E72
___aodiv@counter            cstackBANK0  000088
___aodiv@dividend           cstackBANK0  000078
___aodiv@divisor            cstackBANK0  000080
___aodiv@quotient           cstackBANK0  00008A
___aodiv@sign               cstackBANK0  000089
___aomod                    text49       0041D4
___aomod@counter            cstackBANK0  000088
___aomod@dividend           cstackBANK0  000078
___aomod@divisor            cstackBANK0  000080
___aomod@sign               cstackBANK0  000089
___fleq                     text11       0057FE
___fleq@ff1                 cstackBANK0  000078
___fleq@ff2                 cstackBANK0  00007C
___flge                     text3        004664
___flge@ff1                 cstackBANK0  00009F
___flge@ff2                 cstackBANK0  0000A3
___flmul                    text2        0027D2
___flmul@a                  cstackBANK0  00008A
___flmul@aexp               cstackBANK0  000097
___flmul@b                  cstackBANK0  000086
___flmul@bexp               cstackBANK0  000098
___flmul@grs                cstackBANK0  000093
___flmul@prod               cstackBANK0  000099
___flmul@sign               cstackBANK0  000092
___flmul@temp               cstackBANK0  00009D
___fltol                    text27       0047CE
___fltol@exp1               cstackBANK0  000081
___fltol@f1                 cstackBANK0  000078
___fltol@sign1              cstackBANK0  000080
___inthi_sp                 stack        000000
___intlo_sp                 stack        000000
___param_bank               (abs)        000000
___rparam_used              (abs)        000001
___sp                       stack        000000
___xxtofl                   text10       0038EC
___xxtofl@arg               cstackBANK0  000082
___xxtofl@exp               cstackBANK0  000081
___xxtofl@sign              cstackBANK0  000080
___xxtofl@val               cstackBANK0  000078
__accesstop                 (abs)        000060
__activetblptr              (abs)        000002
__end_of_BusyLCD            text15       006858
__end_of_LCD_Vel            text37       005DC2
__end_of_LCD_static         text36       006744
__end_of_LCD_time           text35       005D24
__end_of_LCDmarkerP1        text34       005C86
__end_of_LCDmarkerP2        text33       005BE8
__end_of_LCDmarkerP3        text32       005B4A
__end_of_LCDmarkerP4        text31       005AAC
__end_of_PrintDisplay       text30       0069BA
__end_of_TMR1Config         text29       0069E4
__end_of_USARTinit          text28       00697C
__end_of___aodiv            text50       004024
__end_of___aomod            text49       004362
__end_of___fleq             text11       0058BA
__end_of___flge             text3        0047CE
__end_of___flmul            text2        002C42
__end_of___fltol            text27       004922
__end_of___xxtofl           text10       003ACC
__end_of__initialization    cinit        00502C
__end_of_abs                text48       0067D6
__end_of_binaryCounter      text26       0038EC
__end_of_celebrationP1      text25       0061B8
__end_of_celebrationP2      text24       00612E
__end_of_celebrationP3      text23       0060A4
__end_of_celebrationP4      text22       00601A
__end_of_clearBoost         text21       00623A
__end_of_configPIC          text20       006540
__end_of_dataToLCD          text51       005E60
__end_of_dtoa               text42       0033CE
__end_of_fputc              text46       005210
__end_of_fputs              text45       0066F6
__end_of_gameInit           text19       0063A4
__end_of_host_ESP           text16       005A0E
__end_of_initLCD            text14       004A5C
__end_of_isrPlayer1         intcode_body 0027D2
__end_of_main               text0        00206E
__end_of_mode_ESP           text13       00695A
__end_of_mux_ESP            text12       006938
__end_of_pad                text43       005580
__end_of_printBoost         text69       006332
__end_of_putch              text47       0069EE
__end_of_randomTurn         text9        004664
__end_of_sendChar           text18       00699C
__end_of_sendString         text17       00647A
__end_of_sendWinnerAdriana  text8        004F1C
__end_of_sendWinnerCarlos   text7        004DEC
__end_of_sendWinnerLuis     text6        004CBC
__end_of_sendWinnerWilliam  text5        004B8C
__end_of_sprintf            text39       0065A0
__end_of_started_PIC_ESP    text4        006916
__end_of_strlen             text44       006654
__end_of_vfpfcnvrt          text41       003CA4
__end_of_vfprintf           text40       006412
__end_of_wait_in_ms         text1        00512E
__end_of_writeCommand       text38       006882
__end_of_writeData          text52       0068D0
__end_ofi2_LCD_Vel          text56       005EFC
__end_ofi2___aodiv          text68       0041D4
__end_ofi2___aomod          text67       0044EE
__end_ofi2___flmul          text55       0030B0
__end_ofi2_abs              text66       00681A
__end_ofi2_clearBoost       text54       0062B6
__end_ofi2_dataToLCD        text71       005F90
__end_ofi2_dtoa             text60       0036EC
__end_ofi2_fputc            text64       0052EE
__end_ofi2_fputs            text63       006790
__end_ofi2_pad              text61       005730
__end_ofi2_putch            text65       0069F0
__end_ofi2_sprintf          text57       0065FE
__end_ofi2_strlen           text62       0066A6
__end_ofi2_vfpfcnvrt        text59       003E72
__end_ofi2_vfprintf         text58       0064E0
__end_ofi2_writeCommand     text70       0068AA
__end_ofi2_writeData        text72       0068F4
__initialization            cinit        004F1C
__mediumconst               mediumconst  000000
__pbssBANK0                 bssBANK0     0000CD
__pbssBANK1                 bssBANK1     0001BE
__pbssBANK2                 bssBANK2     0002DB
__pbssBANK3                 bssBANK3     0003D9
__pcinit                    cinit        004F1C
__pcstackBANK0              cstackBANK0  000060
__pcstackBANK1              cstackBANK1  000100
__pcstackCOMRAM             cstackCOMRAM 000001
__pdataBANK0                dataBANK0    0000DF
__pdataBANK1                dataBANK1    0001E4
__pdataBANK2                dataBANK2    000200
__pdataBANK3                dataBANK3    000300
__pdataBANK4                dataBANK4    000400
__pdataBANK5                dataBANK5    000500
__pdataBANK6                dataBANK6    000600
__pidataBANK0               idataBANK0   0069E4
__pidataBANK1               idataBANK1   0069BA
__pidataBANK2               idataBANK2   0053CA
__pidataBANK3               idataBANK3   005580
__pidataBANK4               idataBANK4   0052EE
__pidataBANK5               idataBANK5   005730
__pidataBANK6               idataBANK6   0058BA
__pintcode                  intcode      000008
__pintcode_body             intcode_body 00206E
__psmallconst               smallconst   000800
__ptext0                    text0        000812
__ptext1                    text1        00503A
__ptext10                   text10       0038EC
__ptext11                   text11       0057FE
__ptext12                   text12       006916
__ptext13                   text13       006938
__ptext14                   text14       004922
__ptext15                   text15       00681A
__ptext16                   text16       00596A
__ptext17                   text17       006412
__ptext18                   text18       00697C
__ptext19                   text19       006332
__ptext2                    text2        0027D2
__ptext20                   text20       0064E0
__ptext21                   text21       0061B8
__ptext22                   text22       005F90
__ptext23                   text23       00601A
__ptext24                   text24       0060A4
__ptext25                   text25       00612E
__ptext26                   text26       0036EC
__ptext27                   text27       0047CE
__ptext28                   text28       00695A
__ptext29                   text29       0069D4
__ptext3                    text3        004664
__ptext30                   text30       00699C
__ptext31                   text31       005A0E
__ptext32                   text32       005AAC
__ptext33                   text33       005B4A
__ptext34                   text34       005BE8
__ptext35                   text35       005C86
__ptext36                   text36       0066F6
__ptext37                   text37       005D24
__ptext38                   text38       006858
__ptext39                   text39       006540
__ptext4                    text4        0068F4
__ptext40                   text40       0063A4
__ptext41                   text41       003ACC
__ptext42                   text42       0030B0
__ptext43                   text43       0054A6
__ptext44                   text44       0065FE
__ptext45                   text45       0066A6
__ptext46                   text46       00512E
__ptext47                   text47       0069EC
__ptext48                   text48       006790
__ptext49                   text49       0041D4
__ptext5                    text5        004A5C
__ptext50                   text50       003E72
__ptext51                   text51       005DC2
__ptext52                   text52       0068AA
__ptext54                   text54       00623A
__ptext55                   text55       002C42
__ptext56                   text56       005E60
__ptext57                   text57       0065A0
__ptext58                   text58       00647A
__ptext59                   text59       003CA4
__ptext6                    text6        004B8C
__ptext60                   text60       0033CE
__ptext61                   text61       00565A
__ptext62                   text62       006654
__ptext63                   text63       006744
__ptext64                   text64       005210
__ptext65                   text65       0069EE
__ptext66                   text66       0067D6
__ptext67                   text67       004362
__ptext68                   text68       004024
__ptext69                   text69       0062B6
__ptext7                    text7        004CBC
__ptext70                   text70       006882
__ptext71                   text71       005EFC
__ptext72                   text72       0068D0
__ptext8                    text8        004DEC
__ptext9                    text9        0044EE
__ramtop                    ramtop       000800
__size_of_BusyLCD           (abs)        000000
__size_of_LCD_Vel           (abs)        000000
__size_of_LCD_static        (abs)        000000
__size_of_LCD_time          (abs)        000000
__size_of_LCDmarkerP1       (abs)        000000
__size_of_LCDmarkerP2       (abs)        000000
__size_of_LCDmarkerP3       (abs)        000000
__size_of_LCDmarkerP4       (abs)        000000
__size_of_PrintDisplay      (abs)        000000
__size_of_TMR1Config        (abs)        000000
__size_of_USARTinit         (abs)        000000
__size_of___aodiv           (abs)        000000
__size_of___aomod           (abs)        000000
__size_of___fleq            (abs)        000000
__size_of___flge            (abs)        000000
__size_of___flmul           (abs)        000000
__size_of___fltol           (abs)        000000
__size_of___xxtofl          (abs)        000000
__size_of_abs               (abs)        000000
__size_of_binaryCounter     (abs)        000000
__size_of_celebrationP1     (abs)        000000
__size_of_celebrationP2     (abs)        000000
__size_of_celebrationP3     (abs)        000000
__size_of_celebrationP4     (abs)        000000
__size_of_clearBoost        (abs)        000000
__size_of_configPIC         (abs)        000000
__size_of_dataToLCD         (abs)        000000
__size_of_dtoa              (abs)        000000
__size_of_fputc             (abs)        000000
__size_of_fputs             (abs)        000000
__size_of_gameInit          (abs)        000000
__size_of_host_ESP          (abs)        000000
__size_of_initLCD           (abs)        000000
__size_of_isrPlayer1        (abs)        000000
__size_of_main              (abs)        000000
__size_of_mode_ESP          (abs)        000000
__size_of_mux_ESP           (abs)        000000
__size_of_pad               (abs)        000000
__size_of_printBoost        (abs)        000000
__size_of_putch             (abs)        000000
__size_of_randomTurn        (abs)        000000
__size_of_sendChar          (abs)        000000
__size_of_sendString        (abs)        000000
__size_of_sendWinnerAdriana (abs)        000000
__size_of_sendWinnerCarlos  (abs)        000000
__size_of_sendWinnerLuis    (abs)        000000
__size_of_sendWinnerWilliam (abs)        000000
__size_of_sprintf           (abs)        000000
__size_of_started_PIC_ESP   (abs)        000000
__size_of_strlen            (abs)        000000
__size_of_vfpfcnvrt         (abs)        000000
__size_of_vfprintf          (abs)        000000
__size_of_wait_in_ms        (abs)        000000
__size_of_writeCommand      (abs)        000000
__size_of_writeData         (abs)        000000
__size_ofi2_LCD_Vel         (abs)        000000
__size_ofi2___aodiv         (abs)        000000
__size_ofi2___aomod         (abs)        000000
__size_ofi2___flmul         (abs)        000000
__size_ofi2_abs             (abs)        000000
__size_ofi2_clearBoost      (abs)        000000
__size_ofi2_dataToLCD       (abs)        000000
__size_ofi2_dtoa            (abs)        000000
__size_ofi2_fputc           (abs)        000000
__size_ofi2_fputs           (abs)        000000
__size_ofi2_pad             (abs)        000000
__size_ofi2_putch           (abs)        000000
__size_ofi2_sprintf         (abs)        000000
__size_ofi2_strlen          (abs)        000000
__size_ofi2_vfpfcnvrt       (abs)        000000
__size_ofi2_vfprintf        (abs)        000000
__size_ofi2_writeCommand    (abs)        000000
__size_ofi2_writeData       (abs)        000000
__smallconst                smallconst   000800
_abs                        text48       006790
_addScore                   bssBANK1     0001CC
_binaryCounter              text26       0036EC
_breakon                    bssBANK1     0001DA
_celebrationP1              text25       00612E
_celebrationP2              text24       0060A4
_celebrationP3              text23       00601A
_celebrationP4              text22       005F90
_clearBoost                 text21       0061B8
_configPIC                  text20       0064E0
_contador                   bssBANK1     0001C2
_count                      bssBANK1     0001DE
_dataToLCD                  text51       005DC2
_dbuf                       bssBANK2     0002DB
_decNum                     bssBANK1     0001C4
_disableInterrupt           dataBANK0    0000E5
_dtoa                       text42       0030B0
_dtoa$930                   cstackBANK0  0000A5
_endGame                    bssBANK1     0001CA
_firstPulse                 dataBANK1    0001FC
_flagOnGame                 bssBANK1     0001DC
_flags                      bssBANK0     0000CF
_fputc                      text46       00512E
_fputs                      text45       0066A6
_gameInit                   text19       006332
_host_ESP                   text16       00596A
_i                          bssBANK0     0000D7
_initLCD                    text14       004922
_isrPlayer1                 intcode      000008
_loser                      bssBANK1     0001D8
_main                       text0        000812
_mode_ESP                   text13       006938
_mux_ESP                    text12       006916
_nout                       bssBANK1     0001BE
_ofensor                    bssBANK0     0000D5
_pad                        text43       0054A6
_playerTurn                 bssBANK1     0001D6
_powerBoost                 bssBANK0     0000D1
_prec                       bssBANK0     0000CD
_printBoost                 text69       0062B6
_putch                      text47       0069EC
_rESP                       bssBANK3     0003D9
_randomTurn                 text9        0044EE
_sendChar                   text18       00697C
_sendString                 text17       006412
_sendWinnerAdriana          text8        004DEC
_sendWinnerCarlos           text7        004CBC
_sendWinnerLuis             text6        004B8C
_sendWinnerWilliam          text5        004A5C
_serve                      bssBANK1     0001E0
_speed                      dataBANK0    0000DF
_sprintf                    text39       006540
_startGame                  bssBANK1     0001E2
_started_PIC_ESP            text4        0068F4
_strlen                     text44       0065FE
_timeCount                  bssBANK1     0001C6
_tmr1Overflow               bssBANK1     0001C8
_velocity                   dataBANK0    0000E3
_vfpfcnvrt                  text41       003ACC
_vfprintf                   text40       0063A4
_wait_in_ms                 text1        00503A
_width                      bssBANK1     0001C0
_winner                     bssBANK1     0001CE
_writeCommand               text38       006858
_writeData                  text52       0068AA
abs@a                       cstackBANK0  00008A
binaryCounter@decNum        cstackBANK0  000078
btemp                       temp         00005E
celebrationP1@F3701         dataBANK3    000398
celebrationP1@F3703         dataBANK2    0002BD
celebrationP1@celebration1  cstackBANK1  000116
celebrationP1@timeC         cstackBANK1  000127
celebrationP2@F3706         dataBANK3    000387
celebrationP2@F3708         dataBANK2    0002D0
celebrationP2@celebration2  cstackBANK1  000116
celebrationP2@timeC         cstackBANK1  000127
celebrationP3@F3711         dataBANK3    000376
celebrationP3@F3713         dataBANK2    0002CA
celebrationP3@celebration3  cstackBANK1  000116
celebrationP3@timeC         cstackBANK1  000127
celebrationP4@F3716         dataBANK3    000365
celebrationP4@F3718         dataBANK2    0002C4
celebrationP4@celebration4  cstackBANK1  000116
celebrationP4@timeC         cstackBANK1  000127
cip_ESP@F3759               dataBANK2    000220
clearBoost@j                cstackBANK0  00007F
dataToLCD@data              cstackBANK0  000079
dataToLCD@k                 cstackBANK0  00007D
dtoa@d                      cstackBANK0  000095
dtoa@fp                     cstackBANK0  000093
dtoa@i                      cstackBANK0  0000B5
dtoa@n                      cstackBANK0  0000AD
dtoa@p                      cstackBANK0  0000A7
dtoa@s                      cstackBANK0  0000AB
dtoa@w                      cstackBANK0  0000A9
end_of_initialization       cinit        00502C
fputc@c                     cstackBANK0  000078
fputc@fp                    cstackBANK0  00007A
fputs@c                     cstackBANK0  000085
fputs@fp                    cstackBANK0  000083
fputs@i                     cstackBANK0  000086
fputs@s                     cstackBANK0  000081
gameInit@F3698              dataBANK2    0002B4
gameInit@celebration        cstackBANK0  000081
host_ESP@F3821              dataBANK1    0001E9
host_ESP@F3823              dataBANK2    000267
host_ESP@F3825              dataBANK2    00025A
host_ESP@F3827              dataBANK1    0001E4
host_ESP@command            cstackBANK0  00007E
host_ESP@port               cstackBANK0  000097
host_ESP@server             cstackBANK0  00008B
host_ESP@tcp                cstackBANK0  00009C
i2LCD_Vel@j                 cstackBANK0  00006A
i2_LCD_Vel                  text56       005E60
i2___aodiv                  text68       004024
i2___aodiv@counter          cstackCOMRAM 000011
i2___aodiv@dividend         cstackCOMRAM 000001
i2___aodiv@divisor          cstackCOMRAM 000009
i2___aodiv@quotient         cstackCOMRAM 000013
i2___aodiv@sign             cstackCOMRAM 000012
i2___aomod                  text67       004362
i2___aomod@counter          cstackCOMRAM 000011
i2___aomod@dividend         cstackCOMRAM 000001
i2___aomod@divisor          cstackCOMRAM 000009
i2___aomod@sign             cstackCOMRAM 000012
i2___flmul                  text55       002C42
i2___flmul@a                cstackCOMRAM 000005
i2___flmul@aexp             cstackCOMRAM 000012
i2___flmul@b                cstackCOMRAM 000001
i2___flmul@bexp             cstackCOMRAM 000013
i2___flmul@grs              cstackCOMRAM 00000E
i2___flmul@prod             cstackCOMRAM 000014
i2___flmul@sign             cstackCOMRAM 00000D
i2___flmul@temp             cstackCOMRAM 000018
i2_abs                      text66       0067D6
i2_clearBoost               text54       00623A
i2_dataToLCD                text71       005EFC
i2_dtoa                     text60       0033CE
i2_dtoa$930                 cstackCOMRAM 00002E
i2_fputc                    text64       005210
i2_fputs                    text63       006744
i2_pad                      text61       00565A
i2_putch                    text65       0069EE
i2_sprintf                  text57       0065A0
i2_strlen                   text62       006654
i2_vfpfcnvrt                text59       003CA4
i2_vfprintf                 text58       00647A
i2_writeCommand             text70       006882
i2_writeData                text72       0068D0
i2abs@a                     cstackCOMRAM 000013
i2clearBoost@j              cstackCOMRAM 000008
i2dataToLCD@data            cstackCOMRAM 000002
i2dataToLCD@k               cstackCOMRAM 000006
i2dtoa@d                    cstackCOMRAM 00001E
i2dtoa@fp                   cstackCOMRAM 00001C
i2dtoa@i                    cstackCOMRAM 00003E
i2dtoa@n                    cstackCOMRAM 000036
i2dtoa@p                    cstackCOMRAM 000030
i2dtoa@s                    cstackCOMRAM 000034
i2dtoa@w                    cstackCOMRAM 000032
i2fputc@c                   cstackCOMRAM 000001
i2fputc@fp                  cstackCOMRAM 000003
i2fputs@c                   cstackCOMRAM 00000E
i2fputs@fp                  cstackCOMRAM 00000C
i2fputs@i                   cstackCOMRAM 00000F
i2fputs@s                   cstackCOMRAM 00000A
i2pad@buf                   cstackCOMRAM 000013
i2pad@fp                    cstackCOMRAM 000011
i2pad@i                     cstackCOMRAM 000018
i2pad@p                     cstackCOMRAM 000015
i2pad@w                     cstackCOMRAM 00001A
i2sprintf@ap                cstackBANK0  000062
i2sprintf@f                 cstackBANK0  000064
i2sprintf@fmt               cstackCOMRAM 00005A
i2sprintf@ret               cstackBANK0  000060
i2sprintf@s                 cstackCOMRAM 000058
i2strlen@a                  cstackCOMRAM 000005
i2strlen@s                  cstackCOMRAM 000001
i2vfpfcnvrt@ap              cstackCOMRAM 000044
i2vfpfcnvrt@fmt             cstackCOMRAM 000042
i2vfpfcnvrt@fp              cstackCOMRAM 000040
i2vfpfcnvrt@ll              cstackCOMRAM 000048
i2vfprintf@ap               cstackCOMRAM 000054
i2vfprintf@cfmt             cstackCOMRAM 000056
i2vfprintf@fmt              cstackCOMRAM 000052
i2vfprintf@fp               cstackCOMRAM 000050
i2writeCommand@cmd          cstackCOMRAM 000001
i2writeData@data            cstackCOMRAM 000001
int$flags                   temp         00005E
int_func                    intcode_body 00206E
intlevel0                   text         000000
intlevel1                   text         000000
intlevel2                   text         000000
intlevel3                   text         000000
main@count                  cstackBANK1  0001B2
main@firstServe             cstackBANK1  0001B4
main@ii                     cstackBANK1  0001B6
main@ii_664                 cstackBANK1  0001B8
main@ii_667                 cstackBANK1  0001BA
main@ii_670                 cstackBANK1  0001BC
mode_ESP@F3744              dataBANK2    00024C
mode_ESP@mode               cstackBANK0  00007E
mux_ESP@F3756               dataBANK2    00023E
mux_ESP@mode                cstackBANK0  00007E
nw_ESP@F3747                dataBANK2    000273
nw_ESP@F3749                dataBANK2    00022F
nw_ESP@F3751                dataBANK2    0002AB
nw_ESP@F3753                dataBANK1    0001F9
pad@buf                     cstackBANK0  00008A
pad@fp                      cstackBANK0  000088
pad@i                       cstackBANK0  00008F
pad@p                       cstackBANK0  00008C
pad@w                       cstackBANK0  000091
printBoost@j                cstackCOMRAM 000008
publishTwitter@F3814        dataBANK3    0003A9
publishTwitter@F3816        dataBANK4    00045E
publishTwitter@F3818        dataBANK5    000500
randomTurn@n                cstackBANK0  00008A
randomTurn@number           cstackBANK0  00008E
randomTurn@r                cstackBANK0  00008C
sendChar@dato               cstackBANK0  000078
sendString@i                cstackBANK0  00007C
sendString@string           cstackBANK0  000079
sendWinnerAdriana@F3788     dataBANK3    0003C9
sendWinnerAdriana@F3790     dataBANK4    0004B2
sendWinnerAdriana@F3792     dataBANK2    000290
sendWinnerAdriana@F3794     dataBANK1    0001F0
sendWinnerAdriana@F3796     dataBANK6    000600
sendWinnerAdriana@F3798     dataBANK5    00059F
sendWinnerAdriana@comando   cstackBANK1  00019D
sendWinnerAdriana@link      cstackBANK1  00012A
sendWinnerAdriana@link1     cstackBANK1  000165
sendWinnerAdriana@link3     cstackBANK1  000100
sendWinnerAdriana@link4     cstackBANK1  000194
sendWinnerAdriana@link5     cstackBANK1  0001AD
sendWinnerCarlos@F3801      dataBANK3    0003B9
sendWinnerCarlos@F3803      dataBANK4    000488
sendWinnerCarlos@F3805      dataBANK2    000287
sendWinnerCarlos@F3807      dataBANK1    0001ED
sendWinnerCarlos@F3809      dataBANK6    000676
sendWinnerCarlos@F3811      dataBANK5    000570
sendWinnerCarlos@comando    cstackBANK1  00019C
sendWinnerCarlos@link       cstackBANK1  00012A
sendWinnerCarlos@link1      cstackBANK1  000164
sendWinnerCarlos@link3      cstackBANK1  000100
sendWinnerCarlos@link4      cstackBANK1  000193
sendWinnerCarlos@link5      cstackBANK1  0001AC
sendWinnerLuis@F3775        dataBANK2    000200
sendWinnerLuis@F3777        dataBANK3    000300
sendWinnerLuis@F3779        dataBANK2    000299
sendWinnerLuis@F3781        dataBANK1    0001F3
sendWinnerLuis@F3783        dataBANK5    000538
sendWinnerLuis@F3785        dataBANK4    000400
sendWinnerLuis@comando      cstackBANK1  00019A
sendWinnerLuis@link         cstackBANK1  00012A
sendWinnerLuis@link1        cstackBANK1  000162
sendWinnerLuis@link3        cstackBANK1  000100
sendWinnerLuis@link4        cstackBANK1  000191
sendWinnerLuis@link5        cstackBANK1  0001AA
sendWinnerWilliam@F3762     dataBANK2    000210
sendWinnerWilliam@F3764     dataBANK3    00032A
sendWinnerWilliam@F3766     dataBANK2    0002A2
sendWinnerWilliam@F3768     dataBANK1    0001F6
sendWinnerWilliam@F3770     dataBANK6    00063B
sendWinnerWilliam@F3772     dataBANK4    00042F
sendWinnerWilliam@comando   cstackBANK1  00019D
sendWinnerWilliam@link      cstackBANK1  00012A
sendWinnerWilliam@link1     cstackBANK1  000165
sendWinnerWilliam@link3     cstackBANK1  000100
sendWinnerWilliam@link4     cstackBANK1  000194
sendWinnerWilliam@link5     cstackBANK1  0001AD
sprintf@ap                  cstackBANK1  00010A
sprintf@f                   cstackBANK1  00010C
sprintf@fmt                 cstackBANK1  000104
sprintf@ret                 cstackBANK1  000108
sprintf@s                   cstackBANK1  000102
stackhi                     (abs)        0007FF
stacklo                     (abs)        0006B0
start                       init         00000E
start_initialization        cinit        004F1C
started_PIC_ESP@F3833       dataBANK2    0002D6
started_PIC_ESP@started     cstackBANK0  00007E
strlen@a                    cstackBANK0  00007C
strlen@s                    cstackBANK0  000078
ttemp5                      temp         00005F
ttemp6                      temp         000062
ttemp7                      temp         000066
vfpfcnvrt@ap                cstackBANK0  0000BB
vfpfcnvrt@fmt               cstackBANK0  0000B9
vfpfcnvrt@fp                cstackBANK0  0000B7
vfpfcnvrt@ll                cstackBANK0  0000BF
vfprintf@ap                 cstackBANK0  0000CB
vfprintf@cfmt               cstackBANK1  000100
vfprintf@fmt                cstackBANK0  0000C9
vfprintf@fp                 cstackBANK0  0000C7
wait_in_ms@ms               cstackBANK0  0000AD
wait_in_ms@time_in_ms       cstackBANK0  0000AB
writeCommand@cmd            cstackBANK0  000078
writeData@data              cstackBANK0  000078
wtemp8                      temp         00005F


FUNCTION INFORMATION:

 *************** function _main *****************
 Defined at:
		line 969 in file "main_TurnOnLED.c"
 Parameters:    Size  Location     Type
		None
 Auto vars:     Size  Location     Type
  ii              2  188[BANK1 ] int 
  ii              2  186[BANK1 ] int 
  ii              2  184[BANK1 ] int 
  ii              2  182[BANK1 ] int 
  firstServe      2  180[BANK1 ] int 
  count           2  178[BANK1 ] unsigned int 
 Return value:  Size  Location     Type
                  1    wreg      void 
 Registers used:
		wreg, fsr1l, fsr1h, fsr2l, fsr2h, status,2, status,0, tblptrl, tblptrh, tblptru, prodl, prodh, cstack
 Tracked objects:
		On entry : 
		On exit  : 
		Unchanged: 
 Data sizes:     COMRAM   BANK0   BANK1   BANK2   BANK3   BANK4   BANK5   BANK6   BANK7
      Params:         0       0       0       0       0       0       0       0       0
      Locals:         0       0      12       0       0       0       0       0       0
      Temps:          0       0       2       0       0       0       0       0       0
      Totals:         0       0      14       0       0       0       0       0       0
Total ram usage:       14 bytes
 Hardware stack levels required when called:   20
 This function calls:
		_LCD_Vel
		_LCD_static
		_LCD_time
		_LCDmarkerP1
		_LCDmarkerP2
		_LCDmarkerP3
		_LCDmarkerP4
		_PrintDisplay
		_TMR1Config
		_USARTinit
		___fltol
		_binaryCounter
		_celebrationP1
		_celebrationP2
		_celebrationP3
		_celebrationP4
		_clearBoost
		_configPIC
		_gameInit
		_host_ESP
		_initLCD
		_mode_ESP
		_mux_ESP
		_randomTurn
		_sendWinnerAdriana
		_sendWinnerCarlos
		_sendWinnerLuis
		_sendWinnerWilliam
		_started_PIC_ESP
		_wait_in_ms
		_writeCommand
 This function is called by:
		Startup code after reset
 This function uses a non-reentrant model


 *************** function _wait_in_ms *****************
 Defined at:
		line 557 in file "main_TurnOnLED.c"
 Parameters:    Size  Location     Type
  time_in_ms      2   75[BANK0 ] unsigned int 
 Auto vars:     Size  Location     Type
  ms              4   77[BANK0 ] unsigned int 
 Return value:  Size  Location     Type
                  1    wreg      void 
 Registers used:
		wreg, status,2, status,0, prodl, prodh, cstack
 Tracked objects:
		On entry : 
		On exit  : 
		Unchanged: 
 Data sizes:     COMRAM   BANK0   BANK1   BANK2   BANK3   BANK4   BANK5   BANK6   BANK7
      Params:         0       2       0       0       0       0       0       0       0
      Locals:         0       4       0       0       0       0       0       0       0
      Temps:          0       0       0       0       0       0       0       0       0
      Totals:         0       6       0       0       0       0       0       0       0
Total ram usage:        6 bytes
 Hardware stack levels used:    1
 Hardware stack levels required when called:   11
 This function calls:
		___flge
		___flmul
		___xxtofl
 This function is called by:
		_main
 This function uses a non-reentrant model


 *************** function ___flmul *****************
 Defined at:
		line 8 in file "C:\Program Files (x86)\Microchip\xc8\v2.00\pic\sources\c99\common\sprcmul.c"
 Parameters:    Size  Location     Type
  b               4   38[BANK0 ] void 
  a               4   42[BANK0 ] void 
 Auto vars:     Size  Location     Type
  prod            4   57[BANK0 ] struct .
  grs             4   51[BANK0 ] unsigned long 
  temp            2   61[BANK0 ] struct .
  bexp            1   56[BANK0 ] unsigned char 
  aexp            1   55[BANK0 ] unsigned char 
  sign            1   50[BANK0 ] unsigned char 
 Return value:  Size  Location     Type
                  4   38[BANK0 ] unsigned char 
 Registers used:
		wreg, status,2, status,0, prodl, prodh
 Tracked objects:
		On entry : 
		On exit  : 
		Unchanged: 
 Data sizes:     COMRAM   BANK0   BANK1   BANK2   BANK3   BANK4   BANK5   BANK6   BANK7
      Params:         0       8       0       0       0       0       0       0       0
      Locals:         0      13       0       0       0       0       0       0       0
      Temps:          0       4       0       0       0       0       0       0       0
      Totals:         0      25       0       0       0       0       0       0       0
Total ram usage:       25 bytes
 Hardware stack levels used:    1
 Hardware stack levels required when called:   10
 This function calls:
		Nothing
 This function is called by:
		_wait_in_ms
 This function uses a non-reentrant model


 *************** function ___flge *****************
 Defined at:
		line 4 in file "C:\Program Files (x86)\Microchip\xc8\v2.00\pic\sources\c99\common\flge.c"
 Parameters:    Size  Location     Type
  ff1             4   63[BANK0 ] unsigned char 
  ff2             4   67[BANK0 ] unsigned char 
 Auto vars:     Size  Location     Type
		None
 Return value:  Size  Location     Type
		None               void
 Registers used:
		wreg, status,2, status,0
 Tracked objects:
		On entry : 
[...]
		 -> dbuf(32), 
 Return value:  Size  Location     Type
                  2    0[COMRAM] unsigned int 
 Registers used:
		wreg, fsr2l, fsr2h, status,2, status,0
 Tracked objects:
		On entry : 
		On exit  : 
		Unchanged: 
 Data sizes:     COMRAM   BANK0   BANK1   BANK2   BANK3   BANK4   BANK5   BANK6   BANK7
      Params:         2       0       0       0       0       0       0       0       0
      Locals:         2       0       0       0       0       0       0       0       0
      Temps:          2       0       0       0       0       0       0       0       0
      Totals:         6       0       0       0       0       0       0       0       0
Total ram usage:        6 bytes
 Hardware stack levels used:    1
 This function calls:
		Nothing
 This function is called by:
		i2_pad
 This function uses a non-reentrant model


 *************** function i2_fputs *****************
 Defined at:
		line 8 in file "C:\Program Files (x86)\Microchip\xc8\v2.00\pic\sources\c99\common\nf_fputs.c"
 Parameters:    Size  Location     Type
  s               2    9[COMRAM] PTR const unsigned char 
		 -> dbuf(32), 
  fp              2   11[COMRAM] PTR struct _IO_FILE
		 -> i2sprintf@f(6), sprintf@f(6), 
 Auto vars:     Size  Location     Type
  fputs           2   14[COMRAM] int 
  fputs           1   13[COMRAM] unsigned char 
 Return value:  Size  Location     Type
                  2    9[COMRAM] int 
 Registers used:
		wreg, fsr1l, fsr1h, fsr2l, fsr2h, status,2, status,0, cstack
 Tracked objects:
		On entry : 
		On exit  : 
		Unchanged: 
 Data sizes:     COMRAM   BANK0   BANK1   BANK2   BANK3   BANK4   BANK5   BANK6   BANK7
      Params:         4       0       0       0       0       0       0       0       0
      Locals:         3       0       0       0       0       0       0       0       0
      Temps:          0       0       0       0       0       0       0       0       0
      Totals:         7       0       0       0       0       0       0       0       0
Total ram usage:        7 bytes
 Hardware stack levels used:    1
 Hardware stack levels required when called:    2
 This function calls:
		i2_fputc
 This function is called by:
		i2_pad
 This function uses a non-reentrant model


 *************** function i2_fputc *****************
 Defined at:
		line 8 in file "C:\Program Files (x86)\Microchip\xc8\v2.00\pic\sources\c99\common\nf_fputc.c"
 Parameters:    Size  Location     Type
  c               2    0[COMRAM] int 
  fp              2    2[COMRAM] PTR struct _IO_FILE
		 -> i2sprintf@f(6), sprintf@f(6), 
 Auto vars:     Size  Location     Type
		None
 Return value:  Size  Location     Type
                  2    0[COMRAM] int 
 Registers used:
		wreg, fsr1l, fsr1h, fsr2l, fsr2h, status,2, status,0, cstack
 Tracked objects:
		On entry : 
		On exit  : 
		Unchanged: 
 Data sizes:     COMRAM   BANK0   BANK1   BANK2   BANK3   BANK4   BANK5   BANK6   BANK7
      Params:         4       0       0       0       0       0       0       0       0
      Locals:         0       0       0       0       0       0       0       0       0
      Temps:          5       0       0       0       0       0       0       0       0
      Totals:         9       0       0       0       0       0       0       0       0
Total ram usage:        9 bytes
 Hardware stack levels used:    1
 Hardware stack levels required when called:    1
 This function calls:
		i2_putch
 This function is called by:
		i2_pad
		i2_vfpfcnvrt
		i2_fputs
 This function uses a non-reentrant model


 *************** function i2_putch *****************
 Defined at:
		line 7 in file "C:\Program Files (x86)\Microchip\xc8\v2.00\pic\sources\c99\common\putch.c"
 Parameters:    Size  Location     Type
  c               1    wreg     unsigned char 
 Auto vars:     Size  Location     Type
  c               1  (no storage) unsigned char 
 Return value:  Size  Location     Type
                  1    wreg      void 
 Registers used:
		wreg
 Tracked objects:
		On entry : 
		On exit  : 
		Unchanged: 
 Data sizes:     COMRAM   BANK0   BANK1   BANK2   BANK3   BANK4   BANK5   BANK6   BANK7
      Params:         0       0       0       0       0       0       0       0       0
      Locals:         0       0       0       0       0       0       0       0       0
      Temps:          0       0       0       0       0       0       0       0       0
      Totals:         0       0       0       0       0       0       0       0       0
Total ram usage:        0 bytes
 Hardware stack levels used:    1
 This function calls:
		Nothing
 This function is called by:
		i2_fputc
 This function uses a non-reentrant model


 *************** function i2_abs *****************
 Defined at:
		line 1 in file "C:\Program Files (x86)\Microchip\xc8\v2.00\pic\sources\c99\common\abs.c"
 Parameters:    Size  Location     Type
  a               2   18[COMRAM] int 
 Auto vars:     Size  Location     Type
		None
 Return value:  Size  Location     Type
                  2   18[COMRAM] int 
 Registers used:
		wreg, status,2, status,0
 Tracked objects:
		On entry : 
		On exit  : 
		Unchanged: 
 Data sizes:     COMRAM   BANK0   BANK1   BANK2   BANK3   BANK4   BANK5   BANK6   BANK7
      Params:         2       0       0       0       0       0       0       0       0
      Locals:         0       0       0       0       0       0       0       0       0
      Temps:          2       0       0       0       0       0       0       0       0
      Totals:         4       0       0       0       0       0       0       0       0
Total ram usage:        4 bytes
 Hardware stack levels used:    1
 This function calls:
		Nothing
 This function is called by:
		i2_dtoa
 This function uses a non-reentrant model


 *************** function i2___aomod *****************
 Defined at:
		line 9 in file "C:\Program Files (x86)\Microchip\xc8\v2.00\pic\sources\c99\common\aomod.c"
 Parameters:    Size  Location     Type
  dividend        8    0[COMRAM] long long 
  divisor         8    8[COMRAM] long long 
 Auto vars:     Size  Location     Type
  __aomod         1   17[COMRAM] unsigned char 
  __aomod         1   16[COMRAM] unsigned char 
 Return value:  Size  Location     Type
                  8    0[COMRAM] long long 
 Registers used:
		wreg, status,2, status,0
 Tracked objects:
		On entry : 
		On exit  : 
		Unchanged: 
 Data sizes:     COMRAM   BANK0   BANK1   BANK2   BANK3   BANK4   BANK5   BANK6   BANK7
      Params:        16       0       0       0       0       0       0       0       0
      Locals:         2       0       0       0       0       0       0       0       0
      Temps:          0       0       0       0       0       0       0       0       0
      Totals:        18       0       0       0       0       0       0       0       0
Total ram usage:       18 bytes
 Hardware stack levels used:    1
 This function calls:
		Nothing
 This function is called by:
		i2_dtoa
 This function uses a non-reentrant model


 *************** function i2___aodiv *****************
 Defined at:
		line 9 in file "C:\Program Files (x86)\Microchip\xc8\v2.00\pic\sources\c99\common\aodiv.c"
 Parameters:    Size  Location     Type
  dividend        8    0[COMRAM] long long 
  divisor         8    8[COMRAM] long long 
 Auto vars:     Size  Location     Type
  __aodiv         8   18[COMRAM] long long 
  __aodiv         1   17[COMRAM] unsigned char 
  __aodiv         1   16[COMRAM] unsigned char 
 Return value:  Size  Location     Type
                  8    0[COMRAM] long long 
 Registers used:
		wreg, fsr2l, fsr2h, status,2, status,0
 Tracked objects:
		On entry : 
		On exit  : 
		Unchanged: 
 Data sizes:     COMRAM   BANK0   BANK1   BANK2   BANK3   BANK4   BANK5   BANK6   BANK7
      Params:        16       0       0       0       0       0       0       0       0
      Locals:        10       0       0       0       0       0       0       0       0
      Temps:          0       0       0       0       0       0       0       0       0
      Totals:        26       0       0       0       0       0       0       0       0
Total ram usage:       26 bytes
 Hardware stack levels used:    1
 This function calls:
		Nothing
 This function is called by:
		i2_dtoa
 This function uses a non-reentrant model


 *************** function _printBoost *****************
 Defined at:
		line 307 in file "main_TurnOnLED.c"
 Parameters:    Size  Location     Type
		None
 Auto vars:     Size  Location     Type
  j               2    7[COMRAM] int 
 Return value:  Size  Location     Type
                  1    wreg      void 
 Registers used:
		wreg, fsr1l, fsr1h, status,2, status,0, tblptrl, tblptrh, tblptru, cstack
 Tracked objects:
		On entry : 
		On exit  : 
		Unchanged: 
 Data sizes:     COMRAM   BANK0   BANK1   BANK2   BANK3   BANK4   BANK5   BANK6   BANK7
      Params:         0       0       0       0       0       0       0       0       0
      Locals:         2       0       0       0       0       0       0       0       0
      Temps:          0       0       0       0       0       0       0       0       0
      Totals:         2       0       0       0       0       0       0       0       0
Total ram usage:        2 bytes
 Hardware stack levels used:    1
 Hardware stack levels required when called:    2
 This function calls:
		i2_dataToLCD
		i2_writeCommand
 This function is called by:
		_isrPlayer1
 This function uses a non-reentrant model


 *************** function i2_writeCommand *****************
 Defined at:
		line 180 in file "main_TurnOnLED.c"
 Parameters:    Size  Location     Type
  cmd             1    wreg     unsigned char 
 Auto vars:     Size  Location     Type
  cmd             1    0[COMRAM] unsigned char 
 Return value:  Size  Location     Type
                  1    wreg      void 
 Registers used:
		wreg, status,2, cstack
 Tracked objects:
		On entry : 
		On exit  : 
		Unchanged: 
 Data sizes:     COMRAM   BANK0   BANK1   BANK2   BANK3   BANK4   BANK5   BANK6   BANK7
      Params:         0       0       0       0       0       0       0       0       0
      Locals:         1       0       0       0       0       0       0       0       0
      Temps:          0       0       0       0       0       0       0       0       0
      Totals:         1       0       0       0       0       0       0       0       0
Total ram usage:        1 bytes
 Hardware stack levels used:    1
 This function calls:
		Nothing
 This function is called by:
		_printBoost
		i2_LCD_Vel
		i2_clearBoost
 This function uses a non-reentrant model


 *************** function i2_dataToLCD *****************
 Defined at:
		line 227 in file "main_TurnOnLED.c"
 Parameters:    Size  Location     Type
  data            2    1[COMRAM] PTR unsigned char 
		 -> LCD_static@P(17), LCD_static@Vel(10), celebrationP4@timeC(6), celebrationP4@celebration4(17), 
		 -> celebrationP3@timeC(6), celebrationP3@celebration3(17), celebrationP2@timeC(6), celebrationP2@celebration2(17), 
		 -> celebrationP1@timeC(7), celebrationP1@celebration1(17), gameInit@celebration(9), STR_8(6), 
		 -> STR_7(6), TimeBuffer(1), VelBuffer(1), P4buffer(1), 
		 -> P3buffer(1), P2buffer(1), P1buffer(1), 
 Auto vars:     Size  Location     Type
  dataToLCD       2    5[COMRAM] int 
 Return value:  Size  Location     Type
                  1    wreg      void 
 Registers used:
		wreg, fsr1l, fsr1h, status,2, status,0, tblptrl, tblptrh, tblptru, cstack
 Tracked objects:
		On entry : 
		On exit  : 
		Unchanged: 
 Data sizes:     COMRAM   BANK0   BANK1   BANK2   BANK3   BANK4   BANK5   BANK6   BANK7
      Params:         2       0       0       0       0       0       0       0       0
      Locals:         2       0       0       0       0       0       0       0       0
      Temps:          2       0       0       0       0       0       0       0       0
      Totals:         6       0       0       0       0       0       0       0       0
Total ram usage:        6 bytes
 Hardware stack levels used:    1
 Hardware stack levels required when called:    1
 This function calls:
		i2_writeData
 This function is called by:
		_printBoost
		i2_LCD_Vel
		i2_clearBoost
 This function uses a non-reentrant model


 *************** function i2_writeData *****************
 Defined at:
		line 202 in file "main_TurnOnLED.c"
 Parameters:    Size  Location     Type
  data            1    wreg     unsigned char 
 Auto vars:     Size  Location     Type
  data            1    0[COMRAM] unsigned char 
 Return value:  Size  Location     Type
                  1    wreg      void 
 Registers used:
		wreg, status,2
 Tracked objects:
		On entry : 
		On exit  : 
		Unchanged: 
 Data sizes:     COMRAM   BANK0   BANK1   BANK2   BANK3   BANK4   BANK5   BANK6   BANK7
      Params:         0       0       0       0       0       0       0       0       0
      Locals:         1       0       0       0       0       0       0       0       0
      Temps:          0       0       0       0       0       0       0       0       0
      Totals:         1       0       0       0       0       0       0       0       0
Total ram usage:        1 bytes
 Hardware stack levels used:    1
 This function calls:
		Nothing
 This function is called by:
		i2_dataToLCD
 This function uses a non-reentrant model



MODULE INFORMATION

Module		Function		Class		Link	Load	Size
C:\Program Files (x86)\Microchip\xc8\v2.00\pic\sources\c99\common\sprcmul.c
		___flmul       		CODE           	27D2	0000	1137

C:\Program Files (x86)\Microchip\xc8\v2.00\pic\sources\c99\common\sprcmul.c estimated size: 1137

C:\Program Files (x86)\Microchip\xc8\v2.00\pic\sources\c99\common\aomod.c
		___aomod       		CODE           	41D4	0000	399

C:\Program Files (x86)\Microchip\xc8\v2.00\pic\sources\c99\common\aomod.c estimated size: 399

C:\Program Files (x86)\Microchip\xc8\v2.00\pic\sources\c99\common\xxtofl.c
		___xxtofl      		CODE           	38EC	0000	481

C:\Program Files (x86)\Microchip\xc8\v2.00\pic\sources\c99\common\xxtofl.c estimated size: 481

C:\Program Files (x86)\Microchip\xc8\v2.00\pic\sources\c99\common\putch.c
		_putch         		CODE           	69EC	0000	3

C:\Program Files (x86)\Microchip\xc8\v2.00\pic\sources\c99\common\putch.c estimated size: 3

C:\Program Files (x86)\Microchip\xc8\v2.00\pic\sources\c99\common\flge.c
		___flge        		CODE           	4664	0000	363

C:\Program Files (x86)\Microchip\xc8\v2.00\pic\sources\c99\common\flge.c estimated size: 363

C:\Program Files (x86)\Microchip\xc8\v2.00\pic\sources\c99\common\strlen.c
		_strlen        		CODE           	65FE	0000	87

C:\Program Files (x86)\Microchip\xc8\v2.00\pic\sources\c99\common\strlen.c estimated size: 87

C:\Program Files (x86)\Microchip\xc8\v2.00\pic\sources\c99\common\nf_fputc.c
		_fputc         		CODE           	512E	0000	227

C:\Program Files (x86)\Microchip\xc8\v2.00\pic\sources\c99\common\nf_fputc.c estimated size: 227

C:\Program Files (x86)\Microchip\xc8\v2.00\pic\sources\c99\common\abs.c
		_abs           		CODE           	6790	0000	71

C:\Program Files (x86)\Microchip\xc8\v2.00\pic\sources\c99\common\abs.c estimated size: 71

C:\Program Files (x86)\Microchip\xc8\v2.00\pic\sources\c99\common\nf_sprintf.c
		_sprintf       		CODE           	6540	0000	97

C:\Program Files (x86)\Microchip\xc8\v2.00\pic\sources\c99\common\nf_sprintf.c estimated size: 97

C:\Program Files (x86)\Microchip\xc8\v2.00\pic\sources\c99\common\aodiv.c
		___aodiv       		CODE           	3E72	0000	435

C:\Program Files (x86)\Microchip\xc8\v2.00\pic\sources\c99\common\aodiv.c estimated size: 435

config.c
		_configPIC     		CODE           	64E0	0000	97

config.c estimated size: 97

C:\Program Files (x86)\Microchip\xc8\v2.00\pic\sources\c99\common\doprnt.c
		_vfpfcnvrt     		CODE           	3ACC	0000	473
		_pad           		CODE           	54A6	0000	219
		_dtoa          		CODE           	30B0	0000	799
		_vfprintf      		CODE           	63A4	0000	111

C:\Program Files (x86)\Microchip\xc8\v2.00\pic\sources\c99\common\doprnt.c estimated size: 1602

shared
		i2_vfpfcnvrt   		CODE           	3CA4	0000	463
		i2_pad         		CODE           	565A	0000	215
		i2_abs         		CODE           	67D6	0000	69
		i2_writeData   		CODE           	68D0	0000	37
		i2_putch       		CODE           	69EE	0000	3
		i2_LCD_Vel     		CODE           	5E60	0000	157
		i2_vfprintf    		CODE           	647A	0000	103
		i2_writeCommand		CODE           	6882	0000	41
		i2_dtoa        		CODE           	33CE	0000	799
		i2_dataToLCD   		CODE           	5EFC	0000	149
		i2_clearBoost  		CODE           	623A	0000	125
		__initialization		CODE           	4F1C	0000	273
		i2___aodiv     		CODE           	4024	0000	433
		i2___flmul     		CODE           	2C42	0000	1135
		i2_sprintf     		CODE           	65A0	0000	95
		i2___aomod     		CODE           	4362	0000	397
		i2_fputc       		CODE           	5210	0000	223
		i2_fputs       		CODE           	6744	0000	77
		i2_strlen      		CODE           	6654	0000	83

shared estimated size: 4877

C:\Program Files (x86)\Microchip\xc8\v2.00\pic\sources\c99\common\fltol.c
		___fltol       		CODE           	47CE	0000	341

C:\Program Files (x86)\Microchip\xc8\v2.00\pic\sources\c99\common\fltol.c estimated size: 341

main_TurnOnLED.c
		_PrintDisplay  		CODE           	699C	0000	31
		_wait_in_ms    		CODE           	503A	0000	245
		_randomTurn    		CODE           	44EE	0000	375
		_writeCommand  		CODE           	6858	0000	43
		_LCDmarkerP1   		CODE           	5BE8	0000	159
		_LCDmarkerP2   		CODE           	5B4A	0000	159
		_LCDmarkerP3   		CODE           	5AAC	0000	159
		_LCDmarkerP4   		CODE           	5A0E	0000	159
		_LCD_Vel       		CODE           	5D24	0000	159
		_gameInit      		CODE           	6332	0000	115
		_main          		CODE           	0812	0000	6237
		_sendString    		CODE           	6412	0000	105
		_dataToLCD     		CODE           	5DC2	0000	159
		_LCD_time      		CODE           	5C86	0000	159
		_celebrationP1 		CODE           	612E	0000	139
		_celebrationP2 		CODE           	60A4	0000	139
		_celebrationP3 		CODE           	601A	0000	139
		_celebrationP4 		CODE           	5F90	0000	139
		_mux_ESP       		CODE           	6916	0000	35
		_BusyLCD       		CODE           	681A	0000	63
		_isrPlayer1    		CODE           	0008	0000	1899
		_host_ESP      		CODE           	596A	0000	165
		_started_PIC_ESP		CODE           	68F4	0000	35
		_printBoost    		CODE           	62B6	0000	125
		_sendWinnerAdriana		CODE           	4DEC	0000	305
		_sendWinnerCarlos		CODE           	4CBC	0000	305
		_TMR1Config    		CODE           	69D4	0000	17
		_mode_ESP      		CODE           	6938	0000	35
		_writeData     		CODE           	68AA	0000	39
		_sendWinnerWilliam		CODE           	4A5C	0000	305
		_clearBoost    		CODE           	61B8	0000	131
		_sendChar      		CODE           	697C	0000	33
		_LCD_static    		CODE           	66F6	0000	79
		_sendWinnerLuis		CODE           	4B8C	0000	305
		_USARTinit     		CODE           	695A	0000	35
		_binaryCounter 		CODE           	36EC	0000	513
		_initLCD       		CODE           	4922	0000	315

main_TurnOnLED.c estimated size: 13559

C:\Program Files (x86)\Microchip\xc8\v2.00\pic\sources\c99\common\fleq.c
		___fleq        		CODE           	57FE	0000	189

C:\Program Files (x86)\Microchip\xc8\v2.00\pic\sources\c99\common\fleq.c estimated size: 189

C:\Program Files (x86)\Microchip\xc8\v2.00\pic\sources\c99\common\nf_fputs.c
		_fputs         		CODE           	66A6	0000	81

C:\Program Files (x86)\Microchip\xc8\v2.00\pic\sources\c99\common\nf_fputs.c estimated size: 81

